Archive member included to satisfy reference by file (symbol)

c:/st/stm32cubeide_1.1.0/stm32cubeide/plugins/com.st.stm32cube.ide.mcu.externaltools.gnu-tools-for-stm32.7-2018-q2-update.win32_1.0.0.201904181610/tools/bin/../lib/gcc/arm-none-eabi/7.3.1/../../../../arm-none-eabi/lib/thumb/v7e-m/fpv4-sp/hard\libc_nano.a(lib_a-errno.o)
                              Core/Src/syscalls.o (__errno)
c:/st/stm32cubeide_1.1.0/stm32cubeide/plugins/com.st.stm32cube.ide.mcu.externaltools.gnu-tools-for-stm32.7-2018-q2-update.win32_1.0.0.201904181610/tools/bin/../lib/gcc/arm-none-eabi/7.3.1/../../../../arm-none-eabi/lib/thumb/v7e-m/fpv4-sp/hard\libc_nano.a(lib_a-exit.o)
                              c:/st/stm32cubeide_1.1.0/stm32cubeide/plugins/com.st.stm32cube.ide.mcu.externaltools.gnu-tools-for-stm32.7-2018-q2-update.win32_1.0.0.201904181610/tools/bin/../lib/gcc/arm-none-eabi/7.3.1/../../../../arm-none-eabi/lib/thumb/v7e-m/fpv4-sp/hard/crt0.o (exit)
c:/st/stm32cubeide_1.1.0/stm32cubeide/plugins/com.st.stm32cube.ide.mcu.externaltools.gnu-tools-for-stm32.7-2018-q2-update.win32_1.0.0.201904181610/tools/bin/../lib/gcc/arm-none-eabi/7.3.1/../../../../arm-none-eabi/lib/thumb/v7e-m/fpv4-sp/hard\libc_nano.a(lib_a-impure.o)
                              c:/st/stm32cubeide_1.1.0/stm32cubeide/plugins/com.st.stm32cube.ide.mcu.externaltools.gnu-tools-for-stm32.7-2018-q2-update.win32_1.0.0.201904181610/tools/bin/../lib/gcc/arm-none-eabi/7.3.1/../../../../arm-none-eabi/lib/thumb/v7e-m/fpv4-sp/hard\libc_nano.a(lib_a-exit.o) (_global_impure_ptr)
c:/st/stm32cubeide_1.1.0/stm32cubeide/plugins/com.st.stm32cube.ide.mcu.externaltools.gnu-tools-for-stm32.7-2018-q2-update.win32_1.0.0.201904181610/tools/bin/../lib/gcc/arm-none-eabi/7.3.1/../../../../arm-none-eabi/lib/thumb/v7e-m/fpv4-sp/hard\libc_nano.a(lib_a-init.o)
                              c:/st/stm32cubeide_1.1.0/stm32cubeide/plugins/com.st.stm32cube.ide.mcu.externaltools.gnu-tools-for-stm32.7-2018-q2-update.win32_1.0.0.201904181610/tools/bin/../lib/gcc/arm-none-eabi/7.3.1/../../../../arm-none-eabi/lib/thumb/v7e-m/fpv4-sp/hard/crt0.o (__libc_init_array)
c:/st/stm32cubeide_1.1.0/stm32cubeide/plugins/com.st.stm32cube.ide.mcu.externaltools.gnu-tools-for-stm32.7-2018-q2-update.win32_1.0.0.201904181610/tools/bin/../lib/gcc/arm-none-eabi/7.3.1/../../../../arm-none-eabi/lib/thumb/v7e-m/fpv4-sp/hard\libc_nano.a(lib_a-memset.o)
                              c:/st/stm32cubeide_1.1.0/stm32cubeide/plugins/com.st.stm32cube.ide.mcu.externaltools.gnu-tools-for-stm32.7-2018-q2-update.win32_1.0.0.201904181610/tools/bin/../lib/gcc/arm-none-eabi/7.3.1/../../../../arm-none-eabi/lib/thumb/v7e-m/fpv4-sp/hard/crt0.o (memset)
c:/st/stm32cubeide_1.1.0/stm32cubeide/plugins/com.st.stm32cube.ide.mcu.externaltools.gnu-tools-for-stm32.7-2018-q2-update.win32_1.0.0.201904181610/tools/bin/../lib/gcc/arm-none-eabi/7.3.1/thumb/v7e-m/fpv4-sp/hard\libgcc.a(_arm_addsubdf3.o)
                              Core/Src/main.o (__aeabi_f2d)
c:/st/stm32cubeide_1.1.0/stm32cubeide/plugins/com.st.stm32cube.ide.mcu.externaltools.gnu-tools-for-stm32.7-2018-q2-update.win32_1.0.0.201904181610/tools/bin/../lib/gcc/arm-none-eabi/7.3.1/thumb/v7e-m/fpv4-sp/hard\libgcc.a(_arm_muldivdf3.o)
                              Core/Src/main.o (__aeabi_dmul)
c:/st/stm32cubeide_1.1.0/stm32cubeide/plugins/com.st.stm32cube.ide.mcu.externaltools.gnu-tools-for-stm32.7-2018-q2-update.win32_1.0.0.201904181610/tools/bin/../lib/gcc/arm-none-eabi/7.3.1/thumb/v7e-m/fpv4-sp/hard\libgcc.a(_arm_truncdfsf2.o)
                              Core/Src/main.o (__aeabi_d2f)

Discarded input sections

 .text          0x0000000000000000        0x0 c:/st/stm32cubeide_1.1.0/stm32cubeide/plugins/com.st.stm32cube.ide.mcu.externaltools.gnu-tools-for-stm32.7-2018-q2-update.win32_1.0.0.201904181610/tools/bin/../lib/gcc/arm-none-eabi/7.3.1/thumb/v7e-m/fpv4-sp/hard/crti.o
 .data          0x0000000000000000        0x0 c:/st/stm32cubeide_1.1.0/stm32cubeide/plugins/com.st.stm32cube.ide.mcu.externaltools.gnu-tools-for-stm32.7-2018-q2-update.win32_1.0.0.201904181610/tools/bin/../lib/gcc/arm-none-eabi/7.3.1/thumb/v7e-m/fpv4-sp/hard/crti.o
 .bss           0x0000000000000000        0x0 c:/st/stm32cubeide_1.1.0/stm32cubeide/plugins/com.st.stm32cube.ide.mcu.externaltools.gnu-tools-for-stm32.7-2018-q2-update.win32_1.0.0.201904181610/tools/bin/../lib/gcc/arm-none-eabi/7.3.1/thumb/v7e-m/fpv4-sp/hard/crti.o
 .data          0x0000000000000000        0x4 c:/st/stm32cubeide_1.1.0/stm32cubeide/plugins/com.st.stm32cube.ide.mcu.externaltools.gnu-tools-for-stm32.7-2018-q2-update.win32_1.0.0.201904181610/tools/bin/../lib/gcc/arm-none-eabi/7.3.1/thumb/v7e-m/fpv4-sp/hard/crtbegin.o
 .text          0x0000000000000000       0x74 c:/st/stm32cubeide_1.1.0/stm32cubeide/plugins/com.st.stm32cube.ide.mcu.externaltools.gnu-tools-for-stm32.7-2018-q2-update.win32_1.0.0.201904181610/tools/bin/../lib/gcc/arm-none-eabi/7.3.1/../../../../arm-none-eabi/lib/thumb/v7e-m/fpv4-sp/hard/crt0.o
 .data          0x0000000000000000        0x0 c:/st/stm32cubeide_1.1.0/stm32cubeide/plugins/com.st.stm32cube.ide.mcu.externaltools.gnu-tools-for-stm32.7-2018-q2-update.win32_1.0.0.201904181610/tools/bin/../lib/gcc/arm-none-eabi/7.3.1/../../../../arm-none-eabi/lib/thumb/v7e-m/fpv4-sp/hard/crt0.o
 .bss           0x0000000000000000        0x0 c:/st/stm32cubeide_1.1.0/stm32cubeide/plugins/com.st.stm32cube.ide.mcu.externaltools.gnu-tools-for-stm32.7-2018-q2-update.win32_1.0.0.201904181610/tools/bin/../lib/gcc/arm-none-eabi/7.3.1/../../../../arm-none-eabi/lib/thumb/v7e-m/fpv4-sp/hard/crt0.o
 .ARM.extab     0x0000000000000000        0x0 c:/st/stm32cubeide_1.1.0/stm32cubeide/plugins/com.st.stm32cube.ide.mcu.externaltools.gnu-tools-for-stm32.7-2018-q2-update.win32_1.0.0.201904181610/tools/bin/../lib/gcc/arm-none-eabi/7.3.1/../../../../arm-none-eabi/lib/thumb/v7e-m/fpv4-sp/hard/crt0.o
 .ARM.exidx     0x0000000000000000        0x8 c:/st/stm32cubeide_1.1.0/stm32cubeide/plugins/com.st.stm32cube.ide.mcu.externaltools.gnu-tools-for-stm32.7-2018-q2-update.win32_1.0.0.201904181610/tools/bin/../lib/gcc/arm-none-eabi/7.3.1/../../../../arm-none-eabi/lib/thumb/v7e-m/fpv4-sp/hard/crt0.o
 .ARM.attributes
                0x0000000000000000       0x20 c:/st/stm32cubeide_1.1.0/stm32cubeide/plugins/com.st.stm32cube.ide.mcu.externaltools.gnu-tools-for-stm32.7-2018-q2-update.win32_1.0.0.201904181610/tools/bin/../lib/gcc/arm-none-eabi/7.3.1/../../../../arm-none-eabi/lib/thumb/v7e-m/fpv4-sp/hard/crt0.o
 .group         0x0000000000000000        0xc Core/Src/main.o
 .group         0x0000000000000000        0xc Core/Src/main.o
 .group         0x0000000000000000        0xc Core/Src/main.o
 .group         0x0000000000000000        0xc Core/Src/main.o
 .group         0x0000000000000000        0xc Core/Src/main.o
 .group         0x0000000000000000        0xc Core/Src/main.o
 .group         0x0000000000000000        0xc Core/Src/main.o
 .group         0x0000000000000000        0xc Core/Src/main.o
 .group         0x0000000000000000        0xc Core/Src/main.o
 .group         0x0000000000000000        0xc Core/Src/main.o
 .group         0x0000000000000000        0xc Core/Src/main.o
 .group         0x0000000000000000        0xc Core/Src/main.o
 .group         0x0000000000000000        0xc Core/Src/main.o
 .group         0x0000000000000000        0xc Core/Src/main.o
 .text          0x0000000000000000        0x0 Core/Src/main.o
 .data          0x0000000000000000        0x0 Core/Src/main.o
 .bss           0x0000000000000000        0x0 Core/Src/main.o
 .rodata.coef   0x0000000000000000        0x4 Core/Src/main.o
 .text.test_motor
                0x0000000000000000       0x68 Core/Src/main.o
 .group         0x0000000000000000        0xc Core/Src/stm32f4xx_it.o
 .text          0x0000000000000000        0x0 Core/Src/stm32f4xx_it.o
 .data          0x0000000000000000        0x0 Core/Src/stm32f4xx_it.o
 .bss           0x0000000000000000        0x0 Core/Src/stm32f4xx_it.o
 .debug_macro   0x0000000000000000      0xa5a Core/Src/stm32f4xx_it.o
 .group         0x0000000000000000        0xc Core/Src/syscalls.o
 .group         0x0000000000000000        0xc Core/Src/syscalls.o
 .group         0x0000000000000000        0xc Core/Src/syscalls.o
 .group         0x0000000000000000        0xc Core/Src/syscalls.o
 .group         0x0000000000000000        0xc Core/Src/syscalls.o
 .group         0x0000000000000000        0xc Core/Src/syscalls.o
 .group         0x0000000000000000        0xc Core/Src/syscalls.o
 .group         0x0000000000000000        0xc Core/Src/syscalls.o
 .group         0x0000000000000000        0xc Core/Src/syscalls.o
 .group         0x0000000000000000        0xc Core/Src/syscalls.o
 .group         0x0000000000000000        0xc Core/Src/syscalls.o
 .group         0x0000000000000000        0xc Core/Src/syscalls.o
 .group         0x0000000000000000        0xc Core/Src/syscalls.o
 .group         0x0000000000000000        0xc Core/Src/syscalls.o
 .group         0x0000000000000000        0xc Core/Src/syscalls.o
 .group         0x0000000000000000        0xc Core/Src/syscalls.o
 .group         0x0000000000000000        0xc Core/Src/syscalls.o
 .group         0x0000000000000000        0xc Core/Src/syscalls.o
 .group         0x0000000000000000        0xc Core/Src/syscalls.o
 .group         0x0000000000000000        0xc Core/Src/syscalls.o
 .group         0x0000000000000000        0xc Core/Src/syscalls.o
 .group         0x0000000000000000        0xc Core/Src/syscalls.o
 .group         0x0000000000000000        0xc Core/Src/syscalls.o
 .group         0x0000000000000000        0xc Core/Src/syscalls.o
 .group         0x0000000000000000        0xc Core/Src/syscalls.o
 .group         0x0000000000000000        0xc Core/Src/syscalls.o
 .group         0x0000000000000000        0xc Core/Src/syscalls.o
 .group         0x0000000000000000        0xc Core/Src/syscalls.o
 .group         0x0000000000000000        0xc Core/Src/syscalls.o
 .group         0x0000000000000000        0xc Core/Src/syscalls.o
 .group         0x0000000000000000        0xc Core/Src/syscalls.o
 .group         0x0000000000000000        0xc Core/Src/syscalls.o
 .group         0x0000000000000000        0xc Core/Src/syscalls.o
 .group         0x0000000000000000        0xc Core/Src/syscalls.o
 .group         0x0000000000000000        0xc Core/Src/syscalls.o
 .group         0x0000000000000000        0xc Core/Src/syscalls.o
 .group         0x0000000000000000        0xc Core/Src/syscalls.o
 .group         0x0000000000000000        0xc Core/Src/syscalls.o
 .group         0x0000000000000000        0xc Core/Src/syscalls.o
 .group         0x0000000000000000        0xc Core/Src/syscalls.o
 .group         0x0000000000000000        0xc Core/Src/syscalls.o
 .group         0x0000000000000000        0xc Core/Src/syscalls.o
 .group         0x0000000000000000        0xc Core/Src/syscalls.o
 .group         0x0000000000000000        0xc Core/Src/syscalls.o
 .text          0x0000000000000000        0x0 Core/Src/syscalls.o
 .data          0x0000000000000000        0x0 Core/Src/syscalls.o
 .bss           0x0000000000000000        0x0 Core/Src/syscalls.o
 .bss.__env     0x0000000000000000        0x4 Core/Src/syscalls.o
 .data.environ  0x0000000000000000        0x4 Core/Src/syscalls.o
 .text.initialise_monitor_handles
                0x0000000000000000        0xe Core/Src/syscalls.o
 .text._getpid  0x0000000000000000       0x10 Core/Src/syscalls.o
 .text._kill    0x0000000000000000       0x20 Core/Src/syscalls.o
 .text._exit    0x0000000000000000       0x14 Core/Src/syscalls.o
 .text._read    0x0000000000000000       0x3a Core/Src/syscalls.o
 .text._write   0x0000000000000000       0x38 Core/Src/syscalls.o
 .text._close   0x0000000000000000       0x18 Core/Src/syscalls.o
 .text._fstat   0x0000000000000000       0x20 Core/Src/syscalls.o
 .text._isatty  0x0000000000000000       0x16 Core/Src/syscalls.o
 .text._lseek   0x0000000000000000       0x1a Core/Src/syscalls.o
 .text._open    0x0000000000000000       0x1c Core/Src/syscalls.o
 .text._wait    0x0000000000000000       0x1e Core/Src/syscalls.o
 .text._unlink  0x0000000000000000       0x1e Core/Src/syscalls.o
 .text._times   0x0000000000000000       0x18 Core/Src/syscalls.o
 .text._stat    0x0000000000000000       0x20 Core/Src/syscalls.o
 .text._link    0x0000000000000000       0x20 Core/Src/syscalls.o
 .text._fork    0x0000000000000000       0x16 Core/Src/syscalls.o
 .text._execve  0x0000000000000000       0x22 Core/Src/syscalls.o
 .debug_info    0x0000000000000000      0xebd Core/Src/syscalls.o
 .debug_abbrev  0x0000000000000000      0x261 Core/Src/syscalls.o
 .debug_aranges
                0x0000000000000000       0xa8 Core/Src/syscalls.o
 .debug_ranges  0x0000000000000000       0x98 Core/Src/syscalls.o
 .debug_macro   0x0000000000000000      0x243 Core/Src/syscalls.o
 .debug_macro   0x0000000000000000      0xa5a Core/Src/syscalls.o
 .debug_macro   0x0000000000000000       0x22 Core/Src/syscalls.o
 .debug_macro   0x0000000000000000       0x40 Core/Src/syscalls.o
 .debug_macro   0x0000000000000000       0x18 Core/Src/syscalls.o
 .debug_macro   0x0000000000000000       0x94 Core/Src/syscalls.o
 .debug_macro   0x0000000000000000       0x3c Core/Src/syscalls.o
 .debug_macro   0x0000000000000000       0x34 Core/Src/syscalls.o
 .debug_macro   0x0000000000000000       0x57 Core/Src/syscalls.o
 .debug_macro   0x0000000000000000      0x174 Core/Src/syscalls.o
 .debug_macro   0x0000000000000000      0x330 Core/Src/syscalls.o
 .debug_macro   0x0000000000000000       0x52 Core/Src/syscalls.o
 .debug_macro   0x0000000000000000       0x1f Core/Src/syscalls.o
 .debug_macro   0x0000000000000000       0x43 Core/Src/syscalls.o
 .debug_macro   0x0000000000000000       0x20 Core/Src/syscalls.o
 .debug_macro   0x0000000000000000      0x1a3 Core/Src/syscalls.o
 .debug_macro   0x0000000000000000       0x10 Core/Src/syscalls.o
 .debug_macro   0x0000000000000000       0x35 Core/Src/syscalls.o
 .debug_macro   0x0000000000000000       0x10 Core/Src/syscalls.o
 .debug_macro   0x0000000000000000       0x10 Core/Src/syscalls.o
 .debug_macro   0x0000000000000000       0x10 Core/Src/syscalls.o
 .debug_macro   0x0000000000000000       0x6a Core/Src/syscalls.o
 .debug_macro   0x0000000000000000       0x1c Core/Src/syscalls.o
 .debug_macro   0x0000000000000000       0x52 Core/Src/syscalls.o
 .debug_macro   0x0000000000000000       0x40 Core/Src/syscalls.o
 .debug_macro   0x0000000000000000       0x10 Core/Src/syscalls.o
 .debug_macro   0x0000000000000000       0x40 Core/Src/syscalls.o
 .debug_macro   0x0000000000000000       0xd7 Core/Src/syscalls.o
 .debug_macro   0x0000000000000000       0x1c Core/Src/syscalls.o
 .debug_macro   0x0000000000000000       0x3d Core/Src/syscalls.o
 .debug_macro   0x0000000000000000       0x35 Core/Src/syscalls.o
 .debug_macro   0x0000000000000000      0x122 Core/Src/syscalls.o
 .debug_macro   0x0000000000000000       0x16 Core/Src/syscalls.o
 .debug_macro   0x0000000000000000       0x16 Core/Src/syscalls.o
 .debug_macro   0x0000000000000000       0x29 Core/Src/syscalls.o
 .debug_macro   0x0000000000000000       0x10 Core/Src/syscalls.o
 .debug_macro   0x0000000000000000      0x241 Core/Src/syscalls.o
 .debug_macro   0x0000000000000000       0x1c Core/Src/syscalls.o
 .debug_macro   0x0000000000000000       0x10 Core/Src/syscalls.o
 .debug_macro   0x0000000000000000       0x10 Core/Src/syscalls.o
 .debug_macro   0x0000000000000000       0x16 Core/Src/syscalls.o
 .debug_macro   0x0000000000000000      0x145 Core/Src/syscalls.o
 .debug_macro   0x0000000000000000      0x189 Core/Src/syscalls.o
 .debug_macro   0x0000000000000000       0x16 Core/Src/syscalls.o
 .debug_macro   0x0000000000000000       0x88 Core/Src/syscalls.o
 .debug_line    0x0000000000000000      0x73e Core/Src/syscalls.o
 .debug_str     0x0000000000000000     0x88b1 Core/Src/syscalls.o
 .comment       0x0000000000000000       0x7c Core/Src/syscalls.o
 .debug_frame   0x0000000000000000      0x2ac Core/Src/syscalls.o
 .ARM.attributes
                0x0000000000000000       0x39 Core/Src/syscalls.o
 .group         0x0000000000000000        0xc Core/Src/sysmem.o
 .group         0x0000000000000000        0xc Core/Src/sysmem.o
 .group         0x0000000000000000        0xc Core/Src/sysmem.o
 .group         0x0000000000000000        0xc Core/Src/sysmem.o
 .group         0x0000000000000000        0xc Core/Src/sysmem.o
 .group         0x0000000000000000        0xc Core/Src/sysmem.o
 .group         0x0000000000000000        0xc Core/Src/sysmem.o
 .group         0x0000000000000000        0xc Core/Src/sysmem.o
 .group         0x0000000000000000        0xc Core/Src/sysmem.o
 .group         0x0000000000000000        0xc Core/Src/sysmem.o
 .group         0x0000000000000000        0xc Core/Src/sysmem.o
 .group         0x0000000000000000        0xc Core/Src/sysmem.o
 .group         0x0000000000000000        0xc Core/Src/sysmem.o
 .group         0x0000000000000000        0xc Core/Src/sysmem.o
 .group         0x0000000000000000        0xc Core/Src/sysmem.o
 .group         0x0000000000000000        0xc Core/Src/sysmem.o
 .group         0x0000000000000000        0xc Core/Src/sysmem.o
 .group         0x0000000000000000        0xc Core/Src/sysmem.o
 .group         0x0000000000000000        0xc Core/Src/sysmem.o
 .group         0x0000000000000000        0xc Core/Src/sysmem.o
 .group         0x0000000000000000        0xc Core/Src/sysmem.o
 .group         0x0000000000000000        0xc Core/Src/sysmem.o
 .group         0x0000000000000000        0xc Core/Src/sysmem.o
 .group         0x0000000000000000        0xc Core/Src/sysmem.o
 .group         0x0000000000000000        0xc Core/Src/sysmem.o
 .group         0x0000000000000000        0xc Core/Src/sysmem.o
 .group         0x0000000000000000        0xc Core/Src/sysmem.o
 .group         0x0000000000000000        0xc Core/Src/sysmem.o
 .group         0x0000000000000000        0xc Core/Src/sysmem.o
 .group         0x0000000000000000        0xc Core/Src/sysmem.o
 .group         0x0000000000000000        0xc Core/Src/sysmem.o
 .group         0x0000000000000000        0xc Core/Src/sysmem.o
 .text          0x0000000000000000        0x0 Core/Src/sysmem.o
 .data          0x0000000000000000        0x0 Core/Src/sysmem.o
 .bss           0x0000000000000000        0x0 Core/Src/sysmem.o
 .bss.heap_end.6424
                0x0000000000000000        0x4 Core/Src/sysmem.o
 .text._sbrk    0x0000000000000000       0x58 Core/Src/sysmem.o
 .debug_info    0x0000000000000000      0x91c Core/Src/sysmem.o
 .debug_abbrev  0x0000000000000000      0x1bb Core/Src/sysmem.o
 .debug_aranges
                0x0000000000000000       0x20 Core/Src/sysmem.o
 .debug_ranges  0x0000000000000000       0x10 Core/Src/sysmem.o
 .debug_macro   0x0000000000000000      0x1ae Core/Src/sysmem.o
 .debug_macro   0x0000000000000000      0xa5a Core/Src/sysmem.o
 .debug_macro   0x0000000000000000       0x10 Core/Src/sysmem.o
 .debug_macro   0x0000000000000000       0x22 Core/Src/sysmem.o
 .debug_macro   0x0000000000000000       0x40 Core/Src/sysmem.o
 .debug_macro   0x0000000000000000       0x18 Core/Src/sysmem.o
 .debug_macro   0x0000000000000000       0x94 Core/Src/sysmem.o
 .debug_macro   0x0000000000000000       0x3c Core/Src/sysmem.o
 .debug_macro   0x0000000000000000       0x34 Core/Src/sysmem.o
 .debug_macro   0x0000000000000000      0x174 Core/Src/sysmem.o
 .debug_macro   0x0000000000000000       0x57 Core/Src/sysmem.o
 .debug_macro   0x0000000000000000       0x52 Core/Src/sysmem.o
 .debug_macro   0x0000000000000000       0x1f Core/Src/sysmem.o
 .debug_macro   0x0000000000000000       0x43 Core/Src/sysmem.o
 .debug_macro   0x0000000000000000       0x20 Core/Src/sysmem.o
 .debug_macro   0x0000000000000000      0x1a3 Core/Src/sysmem.o
 .debug_macro   0x0000000000000000      0x23b Core/Src/sysmem.o
 .debug_macro   0x0000000000000000       0x16 Core/Src/sysmem.o
 .debug_macro   0x0000000000000000       0x35 Core/Src/sysmem.o
 .debug_macro   0x0000000000000000      0x330 Core/Src/sysmem.o
 .debug_macro   0x0000000000000000       0x10 Core/Src/sysmem.o
 .debug_macro   0x0000000000000000       0x10 Core/Src/sysmem.o
 .debug_macro   0x0000000000000000       0x6a Core/Src/sysmem.o
 .debug_macro   0x0000000000000000       0x1c Core/Src/sysmem.o
 .debug_macro   0x0000000000000000       0x52 Core/Src/sysmem.o
 .debug_macro   0x0000000000000000       0x40 Core/Src/sysmem.o
 .debug_macro   0x0000000000000000       0x10 Core/Src/sysmem.o
 .debug_macro   0x0000000000000000       0x40 Core/Src/sysmem.o
 .debug_macro   0x0000000000000000       0xd7 Core/Src/sysmem.o
 .debug_macro   0x0000000000000000       0x1c Core/Src/sysmem.o
 .debug_macro   0x0000000000000000       0x3d Core/Src/sysmem.o
 .debug_macro   0x0000000000000000       0x16 Core/Src/sysmem.o
 .debug_macro   0x0000000000000000      0x145 Core/Src/sysmem.o
 .debug_line    0x0000000000000000      0x55e Core/Src/sysmem.o
 .debug_str     0x0000000000000000     0x7b0a Core/Src/sysmem.o
 .comment       0x0000000000000000       0x7c Core/Src/sysmem.o
 .debug_frame   0x0000000000000000       0x34 Core/Src/sysmem.o
 .ARM.attributes
                0x0000000000000000       0x39 Core/Src/sysmem.o
 .group         0x0000000000000000        0xc Core/Src/system_stm32f4xx.o
 .group         0x0000000000000000        0xc Core/Src/system_stm32f4xx.o
 .group         0x0000000000000000        0xc Core/Src/system_stm32f4xx.o
 .group         0x0000000000000000        0xc Core/Src/system_stm32f4xx.o
 .group         0x0000000000000000        0xc Core/Src/system_stm32f4xx.o
 .group         0x0000000000000000        0xc Core/Src/system_stm32f4xx.o
 .group         0x0000000000000000        0xc Core/Src/system_stm32f4xx.o
 .group         0x0000000000000000        0xc Core/Src/system_stm32f4xx.o
 .group         0x0000000000000000        0xc Core/Src/system_stm32f4xx.o
 .group         0x0000000000000000        0xc Core/Src/system_stm32f4xx.o
 .group         0x0000000000000000        0xc Core/Src/system_stm32f4xx.o
 .group         0x0000000000000000        0xc Core/Src/system_stm32f4xx.o
 .group         0x0000000000000000        0xc Core/Src/system_stm32f4xx.o
 .group         0x0000000000000000        0xc Core/Src/system_stm32f4xx.o
 .group         0x0000000000000000        0xc Core/Src/system_stm32f4xx.o
 .group         0x0000000000000000        0xc Core/Src/system_stm32f4xx.o
 .text          0x0000000000000000        0x0 Core/Src/system_stm32f4xx.o
 .data          0x0000000000000000        0x0 Core/Src/system_stm32f4xx.o
 .bss           0x0000000000000000        0x0 Core/Src/system_stm32f4xx.o
 .data.SystemCoreClock
                0x0000000000000000        0x4 Core/Src/system_stm32f4xx.o
 .rodata.AHBPrescTable
                0x0000000000000000       0x10 Core/Src/system_stm32f4xx.o
 .rodata.APBPrescTable
                0x0000000000000000        0x8 Core/Src/system_stm32f4xx.o
 .text.SystemCoreClockUpdate
                0x0000000000000000       0xf4 Core/Src/system_stm32f4xx.o
 .debug_macro   0x0000000000000000      0xa5a Core/Src/system_stm32f4xx.o
 .debug_macro   0x0000000000000000       0x28 Core/Src/system_stm32f4xx.o
 .debug_macro   0x0000000000000000       0x22 Core/Src/system_stm32f4xx.o
 .debug_macro   0x0000000000000000       0x8e Core/Src/system_stm32f4xx.o
 .debug_macro   0x0000000000000000       0x51 Core/Src/system_stm32f4xx.o
 .debug_macro   0x0000000000000000       0xef Core/Src/system_stm32f4xx.o
 .debug_macro   0x0000000000000000       0x6a Core/Src/system_stm32f4xx.o
 .debug_macro   0x0000000000000000      0x1df Core/Src/system_stm32f4xx.o
 .debug_macro   0x0000000000000000       0x1c Core/Src/system_stm32f4xx.o
 .debug_macro   0x0000000000000000       0x22 Core/Src/system_stm32f4xx.o
 .debug_macro   0x0000000000000000       0xdf Core/Src/system_stm32f4xx.o
 .debug_macro   0x0000000000000000     0x102d Core/Src/system_stm32f4xx.o
 .debug_macro   0x0000000000000000      0x11f Core/Src/system_stm32f4xx.o
 .debug_macro   0x0000000000000000     0xb850 Core/Src/system_stm32f4xx.o
 .text          0x0000000000000000       0x14 Core/Startup/startup_stm32f401retx.o
 .data          0x0000000000000000        0x0 Core/Startup/startup_stm32f401retx.o
 .bss           0x0000000000000000        0x0 Core/Startup/startup_stm32f401retx.o
 .text          0x0000000000000000        0x0 c:/st/stm32cubeide_1.1.0/stm32cubeide/plugins/com.st.stm32cube.ide.mcu.externaltools.gnu-tools-for-stm32.7-2018-q2-update.win32_1.0.0.201904181610/tools/bin/../lib/gcc/arm-none-eabi/7.3.1/../../../../arm-none-eabi/lib/thumb/v7e-m/fpv4-sp/hard\libc_nano.a(lib_a-errno.o)
 .data          0x0000000000000000        0x0 c:/st/stm32cubeide_1.1.0/stm32cubeide/plugins/com.st.stm32cube.ide.mcu.externaltools.gnu-tools-for-stm32.7-2018-q2-update.win32_1.0.0.201904181610/tools/bin/../lib/gcc/arm-none-eabi/7.3.1/../../../../arm-none-eabi/lib/thumb/v7e-m/fpv4-sp/hard\libc_nano.a(lib_a-errno.o)
 .bss           0x0000000000000000        0x0 c:/st/stm32cubeide_1.1.0/stm32cubeide/plugins/com.st.stm32cube.ide.mcu.externaltools.gnu-tools-for-stm32.7-2018-q2-update.win32_1.0.0.201904181610/tools/bin/../lib/gcc/arm-none-eabi/7.3.1/../../../../arm-none-eabi/lib/thumb/v7e-m/fpv4-sp/hard\libc_nano.a(lib_a-errno.o)
 .text.__errno  0x0000000000000000        0xc c:/st/stm32cubeide_1.1.0/stm32cubeide/plugins/com.st.stm32cube.ide.mcu.externaltools.gnu-tools-for-stm32.7-2018-q2-update.win32_1.0.0.201904181610/tools/bin/../lib/gcc/arm-none-eabi/7.3.1/../../../../arm-none-eabi/lib/thumb/v7e-m/fpv4-sp/hard\libc_nano.a(lib_a-errno.o)
 .debug_frame   0x0000000000000000       0x20 c:/st/stm32cubeide_1.1.0/stm32cubeide/plugins/com.st.stm32cube.ide.mcu.externaltools.gnu-tools-for-stm32.7-2018-q2-update.win32_1.0.0.201904181610/tools/bin/../lib/gcc/arm-none-eabi/7.3.1/../../../../arm-none-eabi/lib/thumb/v7e-m/fpv4-sp/hard\libc_nano.a(lib_a-errno.o)
 .ARM.attributes
                0x0000000000000000       0x34 c:/st/stm32cubeide_1.1.0/stm32cubeide/plugins/com.st.stm32cube.ide.mcu.externaltools.gnu-tools-for-stm32.7-2018-q2-update.win32_1.0.0.201904181610/tools/bin/../lib/gcc/arm-none-eabi/7.3.1/../../../../arm-none-eabi/lib/thumb/v7e-m/fpv4-sp/hard\libc_nano.a(lib_a-errno.o)
 .text          0x0000000000000000        0x0 c:/st/stm32cubeide_1.1.0/stm32cubeide/plugins/com.st.stm32cube.ide.mcu.externaltools.gnu-tools-for-stm32.7-2018-q2-update.win32_1.0.0.201904181610/tools/bin/../lib/gcc/arm-none-eabi/7.3.1/../../../../arm-none-eabi/lib/thumb/v7e-m/fpv4-sp/hard\libc_nano.a(lib_a-exit.o)
 .data          0x0000000000000000        0x0 c:/st/stm32cubeide_1.1.0/stm32cubeide/plugins/com.st.stm32cube.ide.mcu.externaltools.gnu-tools-for-stm32.7-2018-q2-update.win32_1.0.0.201904181610/tools/bin/../lib/gcc/arm-none-eabi/7.3.1/../../../../arm-none-eabi/lib/thumb/v7e-m/fpv4-sp/hard\libc_nano.a(lib_a-exit.o)
 .bss           0x0000000000000000        0x0 c:/st/stm32cubeide_1.1.0/stm32cubeide/plugins/com.st.stm32cube.ide.mcu.externaltools.gnu-tools-for-stm32.7-2018-q2-update.win32_1.0.0.201904181610/tools/bin/../lib/gcc/arm-none-eabi/7.3.1/../../../../arm-none-eabi/lib/thumb/v7e-m/fpv4-sp/hard\libc_nano.a(lib_a-exit.o)
 .text.exit     0x0000000000000000       0x28 c:/st/stm32cubeide_1.1.0/stm32cubeide/plugins/com.st.stm32cube.ide.mcu.externaltools.gnu-tools-for-stm32.7-2018-q2-update.win32_1.0.0.201904181610/tools/bin/../lib/gcc/arm-none-eabi/7.3.1/../../../../arm-none-eabi/lib/thumb/v7e-m/fpv4-sp/hard\libc_nano.a(lib_a-exit.o)
 .debug_frame   0x0000000000000000       0x28 c:/st/stm32cubeide_1.1.0/stm32cubeide/plugins/com.st.stm32cube.ide.mcu.externaltools.gnu-tools-for-stm32.7-2018-q2-update.win32_1.0.0.201904181610/tools/bin/../lib/gcc/arm-none-eabi/7.3.1/../../../../arm-none-eabi/lib/thumb/v7e-m/fpv4-sp/hard\libc_nano.a(lib_a-exit.o)
 .ARM.attributes
                0x0000000000000000       0x34 c:/st/stm32cubeide_1.1.0/stm32cubeide/plugins/com.st.stm32cube.ide.mcu.externaltools.gnu-tools-for-stm32.7-2018-q2-update.win32_1.0.0.201904181610/tools/bin/../lib/gcc/arm-none-eabi/7.3.1/../../../../arm-none-eabi/lib/thumb/v7e-m/fpv4-sp/hard\libc_nano.a(lib_a-exit.o)
 .text          0x0000000000000000        0x0 c:/st/stm32cubeide_1.1.0/stm32cubeide/plugins/com.st.stm32cube.ide.mcu.externaltools.gnu-tools-for-stm32.7-2018-q2-update.win32_1.0.0.201904181610/tools/bin/../lib/gcc/arm-none-eabi/7.3.1/../../../../arm-none-eabi/lib/thumb/v7e-m/fpv4-sp/hard\libc_nano.a(lib_a-impure.o)
 .data          0x0000000000000000        0x0 c:/st/stm32cubeide_1.1.0/stm32cubeide/plugins/com.st.stm32cube.ide.mcu.externaltools.gnu-tools-for-stm32.7-2018-q2-update.win32_1.0.0.201904181610/tools/bin/../lib/gcc/arm-none-eabi/7.3.1/../../../../arm-none-eabi/lib/thumb/v7e-m/fpv4-sp/hard\libc_nano.a(lib_a-impure.o)
 .bss           0x0000000000000000        0x0 c:/st/stm32cubeide_1.1.0/stm32cubeide/plugins/com.st.stm32cube.ide.mcu.externaltools.gnu-tools-for-stm32.7-2018-q2-update.win32_1.0.0.201904181610/tools/bin/../lib/gcc/arm-none-eabi/7.3.1/../../../../arm-none-eabi/lib/thumb/v7e-m/fpv4-sp/hard\libc_nano.a(lib_a-impure.o)
 .data._impure_ptr
                0x0000000000000000        0x4 c:/st/stm32cubeide_1.1.0/stm32cubeide/plugins/com.st.stm32cube.ide.mcu.externaltools.gnu-tools-for-stm32.7-2018-q2-update.win32_1.0.0.201904181610/tools/bin/../lib/gcc/arm-none-eabi/7.3.1/../../../../arm-none-eabi/lib/thumb/v7e-m/fpv4-sp/hard\libc_nano.a(lib_a-impure.o)
 .data.impure_data
                0x0000000000000000       0x60 c:/st/stm32cubeide_1.1.0/stm32cubeide/plugins/com.st.stm32cube.ide.mcu.externaltools.gnu-tools-for-stm32.7-2018-q2-update.win32_1.0.0.201904181610/tools/bin/../lib/gcc/arm-none-eabi/7.3.1/../../../../arm-none-eabi/lib/thumb/v7e-m/fpv4-sp/hard\libc_nano.a(lib_a-impure.o)
 .rodata._global_impure_ptr
                0x0000000000000000        0x4 c:/st/stm32cubeide_1.1.0/stm32cubeide/plugins/com.st.stm32cube.ide.mcu.externaltools.gnu-tools-for-stm32.7-2018-q2-update.win32_1.0.0.201904181610/tools/bin/../lib/gcc/arm-none-eabi/7.3.1/../../../../arm-none-eabi/lib/thumb/v7e-m/fpv4-sp/hard\libc_nano.a(lib_a-impure.o)
 .ARM.attributes
                0x0000000000000000       0x34 c:/st/stm32cubeide_1.1.0/stm32cubeide/plugins/com.st.stm32cube.ide.mcu.externaltools.gnu-tools-for-stm32.7-2018-q2-update.win32_1.0.0.201904181610/tools/bin/../lib/gcc/arm-none-eabi/7.3.1/../../../../arm-none-eabi/lib/thumb/v7e-m/fpv4-sp/hard\libc_nano.a(lib_a-impure.o)
 .text          0x0000000000000000        0x0 c:/st/stm32cubeide_1.1.0/stm32cubeide/plugins/com.st.stm32cube.ide.mcu.externaltools.gnu-tools-for-stm32.7-2018-q2-update.win32_1.0.0.201904181610/tools/bin/../lib/gcc/arm-none-eabi/7.3.1/../../../../arm-none-eabi/lib/thumb/v7e-m/fpv4-sp/hard\libc_nano.a(lib_a-init.o)
 .data          0x0000000000000000        0x0 c:/st/stm32cubeide_1.1.0/stm32cubeide/plugins/com.st.stm32cube.ide.mcu.externaltools.gnu-tools-for-stm32.7-2018-q2-update.win32_1.0.0.201904181610/tools/bin/../lib/gcc/arm-none-eabi/7.3.1/../../../../arm-none-eabi/lib/thumb/v7e-m/fpv4-sp/hard\libc_nano.a(lib_a-init.o)
 .bss           0x0000000000000000        0x0 c:/st/stm32cubeide_1.1.0/stm32cubeide/plugins/com.st.stm32cube.ide.mcu.externaltools.gnu-tools-for-stm32.7-2018-q2-update.win32_1.0.0.201904181610/tools/bin/../lib/gcc/arm-none-eabi/7.3.1/../../../../arm-none-eabi/lib/thumb/v7e-m/fpv4-sp/hard\libc_nano.a(lib_a-init.o)
 .text          0x0000000000000000        0x0 c:/st/stm32cubeide_1.1.0/stm32cubeide/plugins/com.st.stm32cube.ide.mcu.externaltools.gnu-tools-for-stm32.7-2018-q2-update.win32_1.0.0.201904181610/tools/bin/../lib/gcc/arm-none-eabi/7.3.1/../../../../arm-none-eabi/lib/thumb/v7e-m/fpv4-sp/hard\libc_nano.a(lib_a-memset.o)
 .data          0x0000000000000000        0x0 c:/st/stm32cubeide_1.1.0/stm32cubeide/plugins/com.st.stm32cube.ide.mcu.externaltools.gnu-tools-for-stm32.7-2018-q2-update.win32_1.0.0.201904181610/tools/bin/../lib/gcc/arm-none-eabi/7.3.1/../../../../arm-none-eabi/lib/thumb/v7e-m/fpv4-sp/hard\libc_nano.a(lib_a-memset.o)
 .bss           0x0000000000000000        0x0 c:/st/stm32cubeide_1.1.0/stm32cubeide/plugins/com.st.stm32cube.ide.mcu.externaltools.gnu-tools-for-stm32.7-2018-q2-update.win32_1.0.0.201904181610/tools/bin/../lib/gcc/arm-none-eabi/7.3.1/../../../../arm-none-eabi/lib/thumb/v7e-m/fpv4-sp/hard\libc_nano.a(lib_a-memset.o)
 .text.memset   0x0000000000000000       0x10 c:/st/stm32cubeide_1.1.0/stm32cubeide/plugins/com.st.stm32cube.ide.mcu.externaltools.gnu-tools-for-stm32.7-2018-q2-update.win32_1.0.0.201904181610/tools/bin/../lib/gcc/arm-none-eabi/7.3.1/../../../../arm-none-eabi/lib/thumb/v7e-m/fpv4-sp/hard\libc_nano.a(lib_a-memset.o)
 .debug_frame   0x0000000000000000       0x20 c:/st/stm32cubeide_1.1.0/stm32cubeide/plugins/com.st.stm32cube.ide.mcu.externaltools.gnu-tools-for-stm32.7-2018-q2-update.win32_1.0.0.201904181610/tools/bin/../lib/gcc/arm-none-eabi/7.3.1/../../../../arm-none-eabi/lib/thumb/v7e-m/fpv4-sp/hard\libc_nano.a(lib_a-memset.o)
 .ARM.attributes
                0x0000000000000000       0x34 c:/st/stm32cubeide_1.1.0/stm32cubeide/plugins/com.st.stm32cube.ide.mcu.externaltools.gnu-tools-for-stm32.7-2018-q2-update.win32_1.0.0.201904181610/tools/bin/../lib/gcc/arm-none-eabi/7.3.1/../../../../arm-none-eabi/lib/thumb/v7e-m/fpv4-sp/hard\libc_nano.a(lib_a-memset.o)
 .data          0x0000000000000000        0x0 c:/st/stm32cubeide_1.1.0/stm32cubeide/plugins/com.st.stm32cube.ide.mcu.externaltools.gnu-tools-for-stm32.7-2018-q2-update.win32_1.0.0.201904181610/tools/bin/../lib/gcc/arm-none-eabi/7.3.1/thumb/v7e-m/fpv4-sp/hard\libgcc.a(_arm_addsubdf3.o)
 .bss           0x0000000000000000        0x0 c:/st/stm32cubeide_1.1.0/stm32cubeide/plugins/com.st.stm32cube.ide.mcu.externaltools.gnu-tools-for-stm32.7-2018-q2-update.win32_1.0.0.201904181610/tools/bin/../lib/gcc/arm-none-eabi/7.3.1/thumb/v7e-m/fpv4-sp/hard\libgcc.a(_arm_addsubdf3.o)
 .data          0x0000000000000000        0x0 c:/st/stm32cubeide_1.1.0/stm32cubeide/plugins/com.st.stm32cube.ide.mcu.externaltools.gnu-tools-for-stm32.7-2018-q2-update.win32_1.0.0.201904181610/tools/bin/../lib/gcc/arm-none-eabi/7.3.1/thumb/v7e-m/fpv4-sp/hard\libgcc.a(_arm_muldivdf3.o)
 .bss           0x0000000000000000        0x0 c:/st/stm32cubeide_1.1.0/stm32cubeide/plugins/com.st.stm32cube.ide.mcu.externaltools.gnu-tools-for-stm32.7-2018-q2-update.win32_1.0.0.201904181610/tools/bin/../lib/gcc/arm-none-eabi/7.3.1/thumb/v7e-m/fpv4-sp/hard\libgcc.a(_arm_muldivdf3.o)
 .data          0x0000000000000000        0x0 c:/st/stm32cubeide_1.1.0/stm32cubeide/plugins/com.st.stm32cube.ide.mcu.externaltools.gnu-tools-for-stm32.7-2018-q2-update.win32_1.0.0.201904181610/tools/bin/../lib/gcc/arm-none-eabi/7.3.1/thumb/v7e-m/fpv4-sp/hard\libgcc.a(_arm_truncdfsf2.o)
 .bss           0x0000000000000000        0x0 c:/st/stm32cubeide_1.1.0/stm32cubeide/plugins/com.st.stm32cube.ide.mcu.externaltools.gnu-tools-for-stm32.7-2018-q2-update.win32_1.0.0.201904181610/tools/bin/../lib/gcc/arm-none-eabi/7.3.1/thumb/v7e-m/fpv4-sp/hard\libgcc.a(_arm_truncdfsf2.o)
 .text          0x0000000000000000        0x0 c:/st/stm32cubeide_1.1.0/stm32cubeide/plugins/com.st.stm32cube.ide.mcu.externaltools.gnu-tools-for-stm32.7-2018-q2-update.win32_1.0.0.201904181610/tools/bin/../lib/gcc/arm-none-eabi/7.3.1/thumb/v7e-m/fpv4-sp/hard/crtend.o
 .data          0x0000000000000000        0x0 c:/st/stm32cubeide_1.1.0/stm32cubeide/plugins/com.st.stm32cube.ide.mcu.externaltools.gnu-tools-for-stm32.7-2018-q2-update.win32_1.0.0.201904181610/tools/bin/../lib/gcc/arm-none-eabi/7.3.1/thumb/v7e-m/fpv4-sp/hard/crtend.o
 .bss           0x0000000000000000        0x0 c:/st/stm32cubeide_1.1.0/stm32cubeide/plugins/com.st.stm32cube.ide.mcu.externaltools.gnu-tools-for-stm32.7-2018-q2-update.win32_1.0.0.201904181610/tools/bin/../lib/gcc/arm-none-eabi/7.3.1/thumb/v7e-m/fpv4-sp/hard/crtend.o
 .eh_frame      0x0000000000000000        0x4 c:/st/stm32cubeide_1.1.0/stm32cubeide/plugins/com.st.stm32cube.ide.mcu.externaltools.gnu-tools-for-stm32.7-2018-q2-update.win32_1.0.0.201904181610/tools/bin/../lib/gcc/arm-none-eabi/7.3.1/thumb/v7e-m/fpv4-sp/hard/crtend.o
 .ARM.attributes
                0x0000000000000000       0x34 c:/st/stm32cubeide_1.1.0/stm32cubeide/plugins/com.st.stm32cube.ide.mcu.externaltools.gnu-tools-for-stm32.7-2018-q2-update.win32_1.0.0.201904181610/tools/bin/../lib/gcc/arm-none-eabi/7.3.1/thumb/v7e-m/fpv4-sp/hard/crtend.o
 .text          0x0000000000000000        0x0 c:/st/stm32cubeide_1.1.0/stm32cubeide/plugins/com.st.stm32cube.ide.mcu.externaltools.gnu-tools-for-stm32.7-2018-q2-update.win32_1.0.0.201904181610/tools/bin/../lib/gcc/arm-none-eabi/7.3.1/thumb/v7e-m/fpv4-sp/hard/crtn.o
 .data          0x0000000000000000        0x0 c:/st/stm32cubeide_1.1.0/stm32cubeide/plugins/com.st.stm32cube.ide.mcu.externaltools.gnu-tools-for-stm32.7-2018-q2-update.win32_1.0.0.201904181610/tools/bin/../lib/gcc/arm-none-eabi/7.3.1/thumb/v7e-m/fpv4-sp/hard/crtn.o
 .bss           0x0000000000000000        0x0 c:/st/stm32cubeide_1.1.0/stm32cubeide/plugins/com.st.stm32cube.ide.mcu.externaltools.gnu-tools-for-stm32.7-2018-q2-update.win32_1.0.0.201904181610/tools/bin/../lib/gcc/arm-none-eabi/7.3.1/thumb/v7e-m/fpv4-sp/hard/crtn.o

Memory Configuration

Name             Origin             Length             Attributes
RAM              0x0000000020000000 0x0000000000018000 xrw
FLASH            0x0000000008000000 0x0000000000080000 xr
*default*        0x0000000000000000 0xffffffffffffffff

Linker script and memory map

LOAD c:/st/stm32cubeide_1.1.0/stm32cubeide/plugins/com.st.stm32cube.ide.mcu.externaltools.gnu-tools-for-stm32.7-2018-q2-update.win32_1.0.0.201904181610/tools/bin/../lib/gcc/arm-none-eabi/7.3.1/thumb/v7e-m/fpv4-sp/hard/crti.o
LOAD c:/st/stm32cubeide_1.1.0/stm32cubeide/plugins/com.st.stm32cube.ide.mcu.externaltools.gnu-tools-for-stm32.7-2018-q2-update.win32_1.0.0.201904181610/tools/bin/../lib/gcc/arm-none-eabi/7.3.1/thumb/v7e-m/fpv4-sp/hard/crtbegin.o
LOAD c:/st/stm32cubeide_1.1.0/stm32cubeide/plugins/com.st.stm32cube.ide.mcu.externaltools.gnu-tools-for-stm32.7-2018-q2-update.win32_1.0.0.201904181610/tools/bin/../lib/gcc/arm-none-eabi/7.3.1/../../../../arm-none-eabi/lib/thumb/v7e-m/fpv4-sp/hard/crt0.o
LOAD Core/Src/main.o
LOAD Core/Src/stm32f4xx_it.o
LOAD Core/Src/syscalls.o
LOAD Core/Src/sysmem.o
LOAD Core/Src/system_stm32f4xx.o
LOAD Core/Startup/startup_stm32f401retx.o
START GROUP
LOAD c:/st/stm32cubeide_1.1.0/stm32cubeide/plugins/com.st.stm32cube.ide.mcu.externaltools.gnu-tools-for-stm32.7-2018-q2-update.win32_1.0.0.201904181610/tools/bin/../lib/gcc/arm-none-eabi/7.3.1/../../../../arm-none-eabi/lib/thumb/v7e-m/fpv4-sp/hard\libc_nano.a
LOAD c:/st/stm32cubeide_1.1.0/stm32cubeide/plugins/com.st.stm32cube.ide.mcu.externaltools.gnu-tools-for-stm32.7-2018-q2-update.win32_1.0.0.201904181610/tools/bin/../lib/gcc/arm-none-eabi/7.3.1/../../../../arm-none-eabi/lib/thumb/v7e-m/fpv4-sp/hard\libm.a
END GROUP
START GROUP
LOAD c:/st/stm32cubeide_1.1.0/stm32cubeide/plugins/com.st.stm32cube.ide.mcu.externaltools.gnu-tools-for-stm32.7-2018-q2-update.win32_1.0.0.201904181610/tools/bin/../lib/gcc/arm-none-eabi/7.3.1/thumb/v7e-m/fpv4-sp/hard\libgcc.a
LOAD c:/st/stm32cubeide_1.1.0/stm32cubeide/plugins/com.st.stm32cube.ide.mcu.externaltools.gnu-tools-for-stm32.7-2018-q2-update.win32_1.0.0.201904181610/tools/bin/../lib/gcc/arm-none-eabi/7.3.1/../../../../arm-none-eabi/lib/thumb/v7e-m/fpv4-sp/hard\libc_nano.a
END GROUP
START GROUP
LOAD c:/st/stm32cubeide_1.1.0/stm32cubeide/plugins/com.st.stm32cube.ide.mcu.externaltools.gnu-tools-for-stm32.7-2018-q2-update.win32_1.0.0.201904181610/tools/bin/../lib/gcc/arm-none-eabi/7.3.1/thumb/v7e-m/fpv4-sp/hard\libgcc.a
LOAD c:/st/stm32cubeide_1.1.0/stm32cubeide/plugins/com.st.stm32cube.ide.mcu.externaltools.gnu-tools-for-stm32.7-2018-q2-update.win32_1.0.0.201904181610/tools/bin/../lib/gcc/arm-none-eabi/7.3.1/../../../../arm-none-eabi/lib/thumb/v7e-m/fpv4-sp/hard\libc_nano.a
LOAD c:/st/stm32cubeide_1.1.0/stm32cubeide/plugins/com.st.stm32cube.ide.mcu.externaltools.gnu-tools-for-stm32.7-2018-q2-update.win32_1.0.0.201904181610/tools/bin/../lib/gcc/arm-none-eabi/7.3.1/../../../../arm-none-eabi/lib/thumb/v7e-m/fpv4-sp/hard\libnosys.a
END GROUP
START GROUP
LOAD c:/st/stm32cubeide_1.1.0/stm32cubeide/plugins/com.st.stm32cube.ide.mcu.externaltools.gnu-tools-for-stm32.7-2018-q2-update.win32_1.0.0.201904181610/tools/bin/../lib/gcc/arm-none-eabi/7.3.1/thumb/v7e-m/fpv4-sp/hard\libgcc.a
LOAD c:/st/stm32cubeide_1.1.0/stm32cubeide/plugins/com.st.stm32cube.ide.mcu.externaltools.gnu-tools-for-stm32.7-2018-q2-update.win32_1.0.0.201904181610/tools/bin/../lib/gcc/arm-none-eabi/7.3.1/../../../../arm-none-eabi/lib/thumb/v7e-m/fpv4-sp/hard\libc_nano.a
LOAD c:/st/stm32cubeide_1.1.0/stm32cubeide/plugins/com.st.stm32cube.ide.mcu.externaltools.gnu-tools-for-stm32.7-2018-q2-update.win32_1.0.0.201904181610/tools/bin/../lib/gcc/arm-none-eabi/7.3.1/../../../../arm-none-eabi/lib/thumb/v7e-m/fpv4-sp/hard\libnosys.a
END GROUP
LOAD c:/st/stm32cubeide_1.1.0/stm32cubeide/plugins/com.st.stm32cube.ide.mcu.externaltools.gnu-tools-for-stm32.7-2018-q2-update.win32_1.0.0.201904181610/tools/bin/../lib/gcc/arm-none-eabi/7.3.1/thumb/v7e-m/fpv4-sp/hard/crtend.o
LOAD c:/st/stm32cubeide_1.1.0/stm32cubeide/plugins/com.st.stm32cube.ide.mcu.externaltools.gnu-tools-for-stm32.7-2018-q2-update.win32_1.0.0.201904181610/tools/bin/../lib/gcc/arm-none-eabi/7.3.1/thumb/v7e-m/fpv4-sp/hard/crtn.o
                0x0000000020018000                _estack = (ORIGIN (RAM) + LENGTH (RAM))
                0x0000000000000200                _Min_Heap_Size = 0x200
                0x0000000000000400                _Min_Stack_Size = 0x400

.isr_vector     0x0000000008000000      0x194
                0x0000000008000000                . = ALIGN (0x4)
 *(.isr_vector)
 .isr_vector    0x0000000008000000      0x194 Core/Startup/startup_stm32f401retx.o
                0x0000000008000000                g_pfnVectors
                0x0000000008000194                . = ALIGN (0x4)

.text           0x0000000008000198      0xd50
                0x0000000008000198                . = ALIGN (0x4)
 *(.text)
 .text          0x0000000008000198       0x40 c:/st/stm32cubeide_1.1.0/stm32cubeide/plugins/com.st.stm32cube.ide.mcu.externaltools.gnu-tools-for-stm32.7-2018-q2-update.win32_1.0.0.201904181610/tools/bin/../lib/gcc/arm-none-eabi/7.3.1/thumb/v7e-m/fpv4-sp/hard/crtbegin.o
 .text          0x00000000080001d8      0x378 c:/st/stm32cubeide_1.1.0/stm32cubeide/plugins/com.st.stm32cube.ide.mcu.externaltools.gnu-tools-for-stm32.7-2018-q2-update.win32_1.0.0.201904181610/tools/bin/../lib/gcc/arm-none-eabi/7.3.1/thumb/v7e-m/fpv4-sp/hard\libgcc.a(_arm_addsubdf3.o)
                0x00000000080001d8                __aeabi_drsub
                0x00000000080001e0                __aeabi_dsub
                0x00000000080001e0                __subdf3
                0x00000000080001e4                __aeabi_dadd
                0x00000000080001e4                __adddf3
                0x000000000800045c                __floatunsidf
                0x000000000800045c                __aeabi_ui2d
                0x000000000800047c                __floatsidf
                0x000000000800047c                __aeabi_i2d
                0x00000000080004a0                __aeabi_f2d
                0x00000000080004a0                __extendsfdf2
                0x00000000080004e4                __floatundidf
                0x00000000080004e4                __aeabi_ul2d
                0x00000000080004f4                __floatdidf
                0x00000000080004f4                __aeabi_l2d
 .text          0x0000000008000550      0x424 c:/st/stm32cubeide_1.1.0/stm32cubeide/plugins/com.st.stm32cube.ide.mcu.externaltools.gnu-tools-for-stm32.7-2018-q2-update.win32_1.0.0.201904181610/tools/bin/../lib/gcc/arm-none-eabi/7.3.1/thumb/v7e-m/fpv4-sp/hard\libgcc.a(_arm_muldivdf3.o)
                0x0000000008000550                __aeabi_dmul
                0x0000000008000550                __muldf3
                0x00000000080007a4                __divdf3
                0x00000000080007a4                __aeabi_ddiv
 .text          0x0000000008000974       0xa0 c:/st/stm32cubeide_1.1.0/stm32cubeide/plugins/com.st.stm32cube.ide.mcu.externaltools.gnu-tools-for-stm32.7-2018-q2-update.win32_1.0.0.201904181610/tools/bin/../lib/gcc/arm-none-eabi/7.3.1/thumb/v7e-m/fpv4-sp/hard\libgcc.a(_arm_truncdfsf2.o)
                0x0000000008000974                __truncdfsf2
                0x0000000008000974                __aeabi_d2f
 *(.text*)
 *fill*         0x0000000008000a14        0x4 
 .text.main     0x0000000008000a18      0x22c Core/Src/main.o
                0x0000000008000a18                main
 .text.usdelay  0x0000000008000c44       0x88 Core/Src/main.o
                0x0000000008000c44                usdelay
 .text.init_gpio
                0x0000000008000ccc       0x3c Core/Src/main.o
                0x0000000008000ccc                init_gpio
 .text.init_pwm
                0x0000000008000d08       0xa0 Core/Src/main.o
                0x0000000008000d08                init_pwm
 .text.NMI_Handler
                0x0000000008000da8        0xe Core/Src/stm32f4xx_it.o
                0x0000000008000da8                NMI_Handler
 .text.HardFault_Handler
                0x0000000008000db6        0x6 Core/Src/stm32f4xx_it.o
                0x0000000008000db6                HardFault_Handler
 .text.MemManage_Handler
                0x0000000008000dbc        0x6 Core/Src/stm32f4xx_it.o
                0x0000000008000dbc                MemManage_Handler
 .text.BusFault_Handler
                0x0000000008000dc2        0x6 Core/Src/stm32f4xx_it.o
                0x0000000008000dc2                BusFault_Handler
 .text.UsageFault_Handler
                0x0000000008000dc8        0x6 Core/Src/stm32f4xx_it.o
                0x0000000008000dc8                UsageFault_Handler
 .text.SVC_Handler
                0x0000000008000dce        0xe Core/Src/stm32f4xx_it.o
                0x0000000008000dce                SVC_Handler
 .text.DebugMon_Handler
                0x0000000008000ddc        0xe Core/Src/stm32f4xx_it.o
                0x0000000008000ddc                DebugMon_Handler
 .text.PendSV_Handler
                0x0000000008000dea        0xe Core/Src/stm32f4xx_it.o
                0x0000000008000dea                PendSV_Handler
 .text.SysTick_Handler
                0x0000000008000df8        0xe Core/Src/stm32f4xx_it.o
                0x0000000008000df8                SysTick_Handler
 *fill*         0x0000000008000e06        0x2 
 .text.SystemInit
                0x0000000008000e08       0x2c Core/Src/system_stm32f4xx.o
                0x0000000008000e08                SystemInit
 .text.Reset_Handler
                0x0000000008000e34       0x50 Core/Startup/startup_stm32f401retx.o
                0x0000000008000e34                Reset_Handler
 .text.Default_Handler
                0x0000000008000e84        0x2 Core/Startup/startup_stm32f401retx.o
                0x0000000008000e84                RTC_Alarm_IRQHandler
                0x0000000008000e84                EXTI2_IRQHandler
                0x0000000008000e84                SPI4_IRQHandler
                0x0000000008000e84                TIM1_CC_IRQHandler
                0x0000000008000e84                DMA2_Stream5_IRQHandler
                0x0000000008000e84                DMA1_Stream5_IRQHandler
                0x0000000008000e84                PVD_IRQHandler
                0x0000000008000e84                SDIO_IRQHandler
                0x0000000008000e84                TAMP_STAMP_IRQHandler
                0x0000000008000e84                EXTI3_IRQHandler
                0x0000000008000e84                TIM1_UP_TIM10_IRQHandler
                0x0000000008000e84                I2C3_ER_IRQHandler
                0x0000000008000e84                EXTI0_IRQHandler
                0x0000000008000e84                I2C2_EV_IRQHandler
                0x0000000008000e84                DMA1_Stream2_IRQHandler
                0x0000000008000e84                FPU_IRQHandler
                0x0000000008000e84                DMA2_Stream2_IRQHandler
                0x0000000008000e84                SPI1_IRQHandler
                0x0000000008000e84                TIM1_BRK_TIM9_IRQHandler
                0x0000000008000e84                DMA2_Stream3_IRQHandler
                0x0000000008000e84                USART6_IRQHandler
                0x0000000008000e84                DMA2_Stream0_IRQHandler
                0x0000000008000e84                TIM4_IRQHandler
                0x0000000008000e84                I2C1_EV_IRQHandler
                0x0000000008000e84                DMA1_Stream6_IRQHandler
                0x0000000008000e84                DMA1_Stream1_IRQHandler
                0x0000000008000e84                TIM3_IRQHandler
                0x0000000008000e84                RCC_IRQHandler
                0x0000000008000e84                Default_Handler
                0x0000000008000e84                EXTI15_10_IRQHandler
                0x0000000008000e84                ADC_IRQHandler
                0x0000000008000e84                DMA1_Stream7_IRQHandler
                0x0000000008000e84                TIM5_IRQHandler
                0x0000000008000e84                DMA2_Stream7_IRQHandler
                0x0000000008000e84                I2C3_EV_IRQHandler
                0x0000000008000e84                EXTI9_5_IRQHandler
                0x0000000008000e84                RTC_WKUP_IRQHandler
                0x0000000008000e84                SPI2_IRQHandler
                0x0000000008000e84                DMA1_Stream0_IRQHandler
                0x0000000008000e84                EXTI4_IRQHandler
                0x0000000008000e84                WWDG_IRQHandler
                0x0000000008000e84                TIM2_IRQHandler
                0x0000000008000e84                OTG_FS_WKUP_IRQHandler
                0x0000000008000e84                TIM1_TRG_COM_TIM11_IRQHandler
                0x0000000008000e84                EXTI1_IRQHandler
                0x0000000008000e84                USART2_IRQHandler
                0x0000000008000e84                I2C2_ER_IRQHandler
                0x0000000008000e84                DMA2_Stream1_IRQHandler
                0x0000000008000e84                FLASH_IRQHandler
                0x0000000008000e84                DMA2_Stream4_IRQHandler
                0x0000000008000e84                USART1_IRQHandler
                0x0000000008000e84                OTG_FS_IRQHandler
                0x0000000008000e84                SPI3_IRQHandler
                0x0000000008000e84                DMA1_Stream4_IRQHandler
                0x0000000008000e84                I2C1_ER_IRQHandler
                0x0000000008000e84                DMA2_Stream6_IRQHandler
                0x0000000008000e84                DMA1_Stream3_IRQHandler
 *fill*         0x0000000008000e86        0x2 
 .text.__libc_init_array
                0x0000000008000e88       0x48 c:/st/stm32cubeide_1.1.0/stm32cubeide/plugins/com.st.stm32cube.ide.mcu.externaltools.gnu-tools-for-stm32.7-2018-q2-update.win32_1.0.0.201904181610/tools/bin/../lib/gcc/arm-none-eabi/7.3.1/../../../../arm-none-eabi/lib/thumb/v7e-m/fpv4-sp/hard\libc_nano.a(lib_a-init.o)
                0x0000000008000e88                __libc_init_array
 *(.glue_7)
 .glue_7        0x0000000008000ed0        0x0 linker stubs
 *(.glue_7t)
 .glue_7t       0x0000000008000ed0        0x0 linker stubs
 *(.eh_frame)
 .eh_frame      0x0000000008000ed0        0x0 c:/st/stm32cubeide_1.1.0/stm32cubeide/plugins/com.st.stm32cube.ide.mcu.externaltools.gnu-tools-for-stm32.7-2018-q2-update.win32_1.0.0.201904181610/tools/bin/../lib/gcc/arm-none-eabi/7.3.1/thumb/v7e-m/fpv4-sp/hard/crtbegin.o
 *(.init)
 .init          0x0000000008000ed0        0x4 c:/st/stm32cubeide_1.1.0/stm32cubeide/plugins/com.st.stm32cube.ide.mcu.externaltools.gnu-tools-for-stm32.7-2018-q2-update.win32_1.0.0.201904181610/tools/bin/../lib/gcc/arm-none-eabi/7.3.1/thumb/v7e-m/fpv4-sp/hard/crti.o
                0x0000000008000ed0                _init
 .init          0x0000000008000ed4        0x8 c:/st/stm32cubeide_1.1.0/stm32cubeide/plugins/com.st.stm32cube.ide.mcu.externaltools.gnu-tools-for-stm32.7-2018-q2-update.win32_1.0.0.201904181610/tools/bin/../lib/gcc/arm-none-eabi/7.3.1/thumb/v7e-m/fpv4-sp/hard/crtn.o
 *(.fini)
 .fini          0x0000000008000edc        0x4 c:/st/stm32cubeide_1.1.0/stm32cubeide/plugins/com.st.stm32cube.ide.mcu.externaltools.gnu-tools-for-stm32.7-2018-q2-update.win32_1.0.0.201904181610/tools/bin/../lib/gcc/arm-none-eabi/7.3.1/thumb/v7e-m/fpv4-sp/hard/crti.o
                0x0000000008000edc                _fini
 .fini          0x0000000008000ee0        0x8 c:/st/stm32cubeide_1.1.0/stm32cubeide/plugins/com.st.stm32cube.ide.mcu.externaltools.gnu-tools-for-stm32.7-2018-q2-update.win32_1.0.0.201904181610/tools/bin/../lib/gcc/arm-none-eabi/7.3.1/thumb/v7e-m/fpv4-sp/hard/crtn.o
                0x0000000008000ee8                . = ALIGN (0x4)
                0x0000000008000ee8                _etext = .

.vfp11_veneer   0x0000000008000ee8        0x0
 .vfp11_veneer  0x0000000008000ee8        0x0 linker stubs

.v4_bx          0x0000000008000ee8        0x0
 .v4_bx         0x0000000008000ee8        0x0 linker stubs

.iplt           0x0000000008000ee8        0x0
 .iplt          0x0000000008000ee8        0x0 c:/st/stm32cubeide_1.1.0/stm32cubeide/plugins/com.st.stm32cube.ide.mcu.externaltools.gnu-tools-for-stm32.7-2018-q2-update.win32_1.0.0.201904181610/tools/bin/../lib/gcc/arm-none-eabi/7.3.1/thumb/v7e-m/fpv4-sp/hard/crtbegin.o

.rel.dyn        0x0000000008000ee8        0x0
 .rel.iplt      0x0000000008000ee8        0x0 c:/st/stm32cubeide_1.1.0/stm32cubeide/plugins/com.st.stm32cube.ide.mcu.externaltools.gnu-tools-for-stm32.7-2018-q2-update.win32_1.0.0.201904181610/tools/bin/../lib/gcc/arm-none-eabi/7.3.1/thumb/v7e-m/fpv4-sp/hard/crtbegin.o

.rodata         0x0000000008000ee8        0x0
                0x0000000008000ee8                . = ALIGN (0x4)
 *(.rodata)
 *(.rodata*)
                0x0000000008000ee8                . = ALIGN (0x4)

.ARM.extab      0x0000000008000ee8        0x0
                0x0000000008000ee8                . = ALIGN (0x4)
 *(.ARM.extab* .gnu.linkonce.armextab.*)
                0x0000000008000ee8                . = ALIGN (0x4)

.ARM            0x0000000008000ee8        0x0
                0x0000000008000ee8                . = ALIGN (0x4)
                0x0000000008000ee8                __exidx_start = .
 *(.ARM.exidx*)
                0x0000000008000ee8                __exidx_end = .
                0x0000000008000ee8                . = ALIGN (0x4)

.preinit_array  0x0000000008000ee8        0x0
                0x0000000008000ee8                . = ALIGN (0x4)
                0x0000000008000ee8                PROVIDE (__preinit_array_start = .)
 *(.preinit_array*)
                0x0000000008000ee8                PROVIDE (__preinit_array_end = .)
                0x0000000008000ee8                . = ALIGN (0x4)

.init_array     0x0000000008000ee8        0x4
                0x0000000008000ee8                . = ALIGN (0x4)
                0x0000000008000ee8                PROVIDE (__init_array_start = .)
 *(SORT_BY_NAME(.init_array.*))
 *(.init_array*)
 .init_array    0x0000000008000ee8        0x4 c:/st/stm32cubeide_1.1.0/stm32cubeide/plugins/com.st.stm32cube.ide.mcu.externaltools.gnu-tools-for-stm32.7-2018-q2-update.win32_1.0.0.201904181610/tools/bin/../lib/gcc/arm-none-eabi/7.3.1/thumb/v7e-m/fpv4-sp/hard/crtbegin.o
                0x0000000008000eec                PROVIDE (__init_array_end = .)
                0x0000000008000eec                . = ALIGN (0x4)

.fini_array     0x0000000008000eec        0x4
                0x0000000008000eec                . = ALIGN (0x4)
                [!provide]                        PROVIDE (__fini_array_start = .)
 *(SORT_BY_NAME(.fini_array.*))
 *(.fini_array*)
 .fini_array    0x0000000008000eec        0x4 c:/st/stm32cubeide_1.1.0/stm32cubeide/plugins/com.st.stm32cube.ide.mcu.externaltools.gnu-tools-for-stm32.7-2018-q2-update.win32_1.0.0.201904181610/tools/bin/../lib/gcc/arm-none-eabi/7.3.1/thumb/v7e-m/fpv4-sp/hard/crtbegin.o
                [!provide]                        PROVIDE (__fini_array_end = .)
                0x0000000008000ef0                . = ALIGN (0x4)
                0x0000000008000ef0                _sidata = LOADADDR (.data)

.data           0x0000000020000000        0x0 load address 0x0000000008000ef0
                0x0000000020000000                . = ALIGN (0x4)
                0x0000000020000000                _sdata = .
 *(.data)
 *(.data*)
                0x0000000020000000                . = ALIGN (0x4)
                0x0000000020000000                _edata = .

.igot.plt       0x0000000020000000        0x0 load address 0x0000000008000ef0
 .igot.plt      0x0000000020000000        0x0 c:/st/stm32cubeide_1.1.0/stm32cubeide/plugins/com.st.stm32cube.ide.mcu.externaltools.gnu-tools-for-stm32.7-2018-q2-update.win32_1.0.0.201904181610/tools/bin/../lib/gcc/arm-none-eabi/7.3.1/thumb/v7e-m/fpv4-sp/hard/crtbegin.o
                0x0000000020000000                . = ALIGN (0x4)

.bss            0x0000000020000000       0x24 load address 0x0000000008000ef0
                0x0000000020000000                _sbss = .
                0x0000000020000000                __bss_start__ = _sbss
 *(.bss)
 .bss           0x0000000020000000       0x1c c:/st/stm32cubeide_1.1.0/stm32cubeide/plugins/com.st.stm32cube.ide.mcu.externaltools.gnu-tools-for-stm32.7-2018-q2-update.win32_1.0.0.201904181610/tools/bin/../lib/gcc/arm-none-eabi/7.3.1/thumb/v7e-m/fpv4-sp/hard/crtbegin.o
 *(.bss*)
 .bss.distance  0x000000002000001c        0x4 Core/Src/main.o
                0x000000002000001c                distance
 .bss.dist_ctrl
                0x0000000020000020        0x4 Core/Src/main.o
                0x0000000020000020                dist_ctrl
 *(COMMON)
                0x0000000020000024                . = ALIGN (0x4)
                0x0000000020000024                _ebss = .
                0x0000000020000024                __bss_end__ = _ebss

._user_heap_stack
                0x0000000020000024      0x604 load address 0x0000000008000ef0
                0x0000000020000028                . = ALIGN (0x8)
 *fill*         0x0000000020000024        0x4 
                0x0000000020000028                PROVIDE (end = .)
                [!provide]                        PROVIDE (_end = .)
                0x0000000020000228                . = (. + _Min_Heap_Size)
 *fill*         0x0000000020000028      0x200 
                0x0000000020000628                . = (. + _Min_Stack_Size)
 *fill*         0x0000000020000228      0x400 
                0x0000000020000628                . = ALIGN (0x8)

/DISCARD/
 libc.a(*)
 libm.a(*)
 libgcc.a(*)

.ARM.attributes
                0x0000000000000000       0x30
 *(.ARM.attributes)
 .ARM.attributes
                0x0000000000000000       0x22 c:/st/stm32cubeide_1.1.0/stm32cubeide/plugins/com.st.stm32cube.ide.mcu.externaltools.gnu-tools-for-stm32.7-2018-q2-update.win32_1.0.0.201904181610/tools/bin/../lib/gcc/arm-none-eabi/7.3.1/thumb/v7e-m/fpv4-sp/hard/crti.o
 .ARM.attributes
                0x0000000000000022       0x34 c:/st/stm32cubeide_1.1.0/stm32cubeide/plugins/com.st.stm32cube.ide.mcu.externaltools.gnu-tools-for-stm32.7-2018-q2-update.win32_1.0.0.201904181610/tools/bin/../lib/gcc/arm-none-eabi/7.3.1/thumb/v7e-m/fpv4-sp/hard/crtbegin.o
 .ARM.attributes
                0x0000000000000056       0x39 Core/Src/main.o
 .ARM.attributes
                0x000000000000008f       0x39 Core/Src/stm32f4xx_it.o
 .ARM.attributes
                0x00000000000000c8       0x39 Core/Src/system_stm32f4xx.o
 .ARM.attributes
                0x0000000000000101       0x21 Core/Startup/startup_stm32f401retx.o
 .ARM.attributes
                0x0000000000000122       0x34 c:/st/stm32cubeide_1.1.0/stm32cubeide/plugins/com.st.stm32cube.ide.mcu.externaltools.gnu-tools-for-stm32.7-2018-q2-update.win32_1.0.0.201904181610/tools/bin/../lib/gcc/arm-none-eabi/7.3.1/../../../../arm-none-eabi/lib/thumb/v7e-m/fpv4-sp/hard\libc_nano.a(lib_a-init.o)
 .ARM.attributes
                0x0000000000000156       0x22 c:/st/stm32cubeide_1.1.0/stm32cubeide/plugins/com.st.stm32cube.ide.mcu.externaltools.gnu-tools-for-stm32.7-2018-q2-update.win32_1.0.0.201904181610/tools/bin/../lib/gcc/arm-none-eabi/7.3.1/thumb/v7e-m/fpv4-sp/hard\libgcc.a(_arm_addsubdf3.o)
 .ARM.attributes
                0x0000000000000178       0x22 c:/st/stm32cubeide_1.1.0/stm32cubeide/plugins/com.st.stm32cube.ide.mcu.externaltools.gnu-tools-for-stm32.7-2018-q2-update.win32_1.0.0.201904181610/tools/bin/../lib/gcc/arm-none-eabi/7.3.1/thumb/v7e-m/fpv4-sp/hard\libgcc.a(_arm_muldivdf3.o)
 .ARM.attributes
                0x000000000000019a       0x22 c:/st/stm32cubeide_1.1.0/stm32cubeide/plugins/com.st.stm32cube.ide.mcu.externaltools.gnu-tools-for-stm32.7-2018-q2-update.win32_1.0.0.201904181610/tools/bin/../lib/gcc/arm-none-eabi/7.3.1/thumb/v7e-m/fpv4-sp/hard\libgcc.a(_arm_truncdfsf2.o)
 .ARM.attributes
                0x00000000000001bc       0x22 c:/st/stm32cubeide_1.1.0/stm32cubeide/plugins/com.st.stm32cube.ide.mcu.externaltools.gnu-tools-for-stm32.7-2018-q2-update.win32_1.0.0.201904181610/tools/bin/../lib/gcc/arm-none-eabi/7.3.1/thumb/v7e-m/fpv4-sp/hard/crtn.o
OUTPUT(008GarraRobotica.elf elf32-littlearm)

.debug_info     0x0000000000000000      0xb8e
 .debug_info    0x0000000000000000      0x584 Core/Src/main.o
 .debug_info    0x0000000000000584       0xc3 Core/Src/stm32f4xx_it.o
 .debug_info    0x0000000000000647      0x525 Core/Src/system_stm32f4xx.o
 .debug_info    0x0000000000000b6c       0x22 Core/Startup/startup_stm32f401retx.o

.debug_abbrev   0x0000000000000000      0x297
 .debug_abbrev  0x0000000000000000      0x145 Core/Src/main.o
 .debug_abbrev  0x0000000000000145       0x2f Core/Src/stm32f4xx_it.o
 .debug_abbrev  0x0000000000000174      0x111 Core/Src/system_stm32f4xx.o
 .debug_abbrev  0x0000000000000285       0x12 Core/Startup/startup_stm32f401retx.o

.debug_aranges  0x0000000000000000       0xf0
 .debug_aranges
                0x0000000000000000       0x40 Core/Src/main.o
 .debug_aranges
                0x0000000000000040       0x60 Core/Src/stm32f4xx_it.o
 .debug_aranges
                0x00000000000000a0       0x28 Core/Src/system_stm32f4xx.o
 .debug_aranges
                0x00000000000000c8       0x28 Core/Startup/startup_stm32f401retx.o

.debug_ranges   0x0000000000000000       0xb8
 .debug_ranges  0x0000000000000000       0x30 Core/Src/main.o
 .debug_ranges  0x0000000000000030       0x50 Core/Src/stm32f4xx_it.o
 .debug_ranges  0x0000000000000080       0x18 Core/Src/system_stm32f4xx.o
 .debug_ranges  0x0000000000000098       0x20 Core/Startup/startup_stm32f401retx.o

.debug_macro    0x0000000000000000     0xdb9f
 .debug_macro   0x0000000000000000       0xbf Core/Src/main.o
 .debug_macro   0x00000000000000bf      0xa5a Core/Src/main.o
 .debug_macro   0x0000000000000b19       0x28 Core/Src/main.o
 .debug_macro   0x0000000000000b41       0x22 Core/Src/main.o
 .debug_macro   0x0000000000000b63       0x8e Core/Src/main.o
 .debug_macro   0x0000000000000bf1       0x51 Core/Src/main.o
 .debug_macro   0x0000000000000c42       0xef Core/Src/main.o
 .debug_macro   0x0000000000000d31       0x6a Core/Src/main.o
 .debug_macro   0x0000000000000d9b      0x1df Core/Src/main.o
 .debug_macro   0x0000000000000f7a       0x1c Core/Src/main.o
 .debug_macro   0x0000000000000f96       0x22 Core/Src/main.o
 .debug_macro   0x0000000000000fb8       0xdf Core/Src/main.o
 .debug_macro   0x0000000000001097     0x102d Core/Src/main.o
 .debug_macro   0x00000000000020c4      0x11f Core/Src/main.o
 .debug_macro   0x00000000000021e3     0xb850 Core/Src/main.o
 .debug_macro   0x000000000000da33       0x1b Core/Src/stm32f4xx_it.o
 .debug_macro   0x000000000000da4e       0xe0 Core/Src/system_stm32f4xx.o
 .debug_macro   0x000000000000db2e       0x2e Core/Src/system_stm32f4xx.o
 .debug_macro   0x000000000000db5c       0x43 Core/Src/system_stm32f4xx.o

.debug_line     0x0000000000000000      0xb3d
 .debug_line    0x0000000000000000      0x530 Core/Src/main.o
 .debug_line    0x0000000000000530      0x102 Core/Src/stm32f4xx_it.o
 .debug_line    0x0000000000000632      0x486 Core/Src/system_stm32f4xx.o
 .debug_line    0x0000000000000ab8       0x85 Core/Startup/startup_stm32f401retx.o

.debug_str      0x0000000000000000    0x4f1d7
 .debug_str     0x0000000000000000    0x4ecea Core/Src/main.o
                                      0x4ee63 (size before relaxing)
 .debug_str     0x000000000004ecea       0xbd Core/Src/stm32f4xx_it.o
                                       0x2db4 (size before relaxing)
 .debug_str     0x000000000004eda7      0x3fa Core/Src/system_stm32f4xx.o
                                      0x4f17a (size before relaxing)
 .debug_str     0x000000000004f1a1       0x36 Core/Startup/startup_stm32f401retx.o
                                         0x8c (size before relaxing)

.comment        0x0000000000000000       0x7b
 .comment       0x0000000000000000       0x7b Core/Src/main.o
                                         0x7c (size before relaxing)
 .comment       0x000000000000007b       0x7c Core/Src/stm32f4xx_it.o
 .comment       0x000000000000007b       0x7c Core/Src/system_stm32f4xx.o

.debug_frame    0x0000000000000000      0x370
 .debug_frame   0x0000000000000000       0xbc Core/Src/main.o
 .debug_frame   0x00000000000000bc      0x110 Core/Src/stm32f4xx_it.o
 .debug_frame   0x00000000000001cc       0x58 Core/Src/system_stm32f4xx.o
 .debug_frame   0x0000000000000224       0x2c c:/st/stm32cubeide_1.1.0/stm32cubeide/plugins/com.st.stm32cube.ide.mcu.externaltools.gnu-tools-for-stm32.7-2018-q2-update.win32_1.0.0.201904181610/tools/bin/../lib/gcc/arm-none-eabi/7.3.1/../../../../arm-none-eabi/lib/thumb/v7e-m/fpv4-sp/hard\libc_nano.a(lib_a-init.o)
 .debug_frame   0x0000000000000250       0xac c:/st/stm32cubeide_1.1.0/stm32cubeide/plugins/com.st.stm32cube.ide.mcu.externaltools.gnu-tools-for-stm32.7-2018-q2-update.win32_1.0.0.201904181610/tools/bin/../lib/gcc/arm-none-eabi/7.3.1/thumb/v7e-m/fpv4-sp/hard\libgcc.a(_arm_addsubdf3.o)
 .debug_frame   0x00000000000002fc       0x50 c:/st/stm32cubeide_1.1.0/stm32cubeide/plugins/com.st.stm32cube.ide.mcu.externaltools.gnu-tools-for-stm32.7-2018-q2-update.win32_1.0.0.201904181610/tools/bin/../lib/gcc/arm-none-eabi/7.3.1/thumb/v7e-m/fpv4-sp/hard\libgcc.a(_arm_muldivdf3.o)
 .debug_frame   0x000000000000034c       0x24 c:/st/stm32cubeide_1.1.0/stm32cubeide/plugins/com.st.stm32cube.ide.mcu.externaltools.gnu-tools-for-stm32.7-2018-q2-update.win32_1.0.0.201904181610/tools/bin/../lib/gcc/arm-none-eabi/7.3.1/thumb/v7e-m/fpv4-sp/hard\libgcc.a(_arm_truncdfsf2.o)
